Archive member included to satisfy reference by file (symbol)

/opt/MRS_toolchain/bin/../lib/gcc/riscv-wch-elf/12.2.0/../../../../riscv-wch-elf/lib/rv32ec/ilp32e/libc_nano.a(lib_a-init.o)
                              build//startup_ch32v00x.o (__libc_init_array)
/opt/MRS_toolchain/bin/../lib/gcc/riscv-wch-elf/12.2.0/../../../../riscv-wch-elf/lib/rv32ec/ilp32e/libc_nano.a(lib_a-strlen.o)
                              build//uart.o (strlen)
/opt/MRS_toolchain/bin/../lib/gcc/riscv-wch-elf/12.2.0/rv32ec/ilp32e/libgcc.a(muldi3.o)
                              build//main.o (__mulsi3)
/opt/MRS_toolchain/bin/../lib/gcc/riscv-wch-elf/12.2.0/rv32ec/ilp32e/libgcc.a(div.o)
                              build//main.o (__divsi3)

Discarded input sections

 .text          0x0000000000000000        0x0 build//core_riscv.o
 .data          0x0000000000000000        0x0 build//core_riscv.o
 .bss           0x0000000000000000        0x0 build//core_riscv.o
 .text.__get_MSTATUS
                0x0000000000000000        0x6 build//core_riscv.o
 .text.__set_MSTATUS
                0x0000000000000000        0x6 build//core_riscv.o
 .text.__get_MISA
                0x0000000000000000        0x6 build//core_riscv.o
 .text.__set_MISA
                0x0000000000000000        0x6 build//core_riscv.o
 .text.__get_MTVEC
                0x0000000000000000        0x6 build//core_riscv.o
 .text.__set_MTVEC
                0x0000000000000000        0x6 build//core_riscv.o
 .text.__get_MSCRATCH
                0x0000000000000000        0x6 build//core_riscv.o
 .text.__set_MSCRATCH
                0x0000000000000000        0x6 build//core_riscv.o
 .text.__get_MEPC
                0x0000000000000000        0x6 build//core_riscv.o
 .text.__set_MEPC
                0x0000000000000000        0x6 build//core_riscv.o
 .text.__get_MCAUSE
                0x0000000000000000        0x6 build//core_riscv.o
 .text.__set_MCAUSE
                0x0000000000000000        0x6 build//core_riscv.o
 .text.__get_MVENDORID
                0x0000000000000000        0x6 build//core_riscv.o
 .text.__get_MARCHID
                0x0000000000000000        0x6 build//core_riscv.o
 .text.__get_MIMPID
                0x0000000000000000        0x6 build//core_riscv.o
 .text.__get_MHARTID
                0x0000000000000000        0x6 build//core_riscv.o
 .text.__get_SP
                0x0000000000000000        0x4 build//core_riscv.o
 .debug_info    0x0000000000000000      0x2eb build//core_riscv.o
 .debug_abbrev  0x0000000000000000       0xe5 build//core_riscv.o
 .debug_aranges
                0x0000000000000000       0xa0 build//core_riscv.o
 .debug_rnglists
                0x0000000000000000       0xa6 build//core_riscv.o
 .debug_line    0x0000000000000000      0x332 build//core_riscv.o
 .debug_str     0x0000000000000000      0x1ff build//core_riscv.o
 .debug_line_str
                0x0000000000000000       0xf6 build//core_riscv.o
 .comment       0x0000000000000000       0x34 build//core_riscv.o
 .debug_frame   0x0000000000000000      0x120 build//core_riscv.o
 .riscv.attributes
                0x0000000000000000       0x21 build//core_riscv.o
 .text          0x0000000000000000        0x0 build//main.o
 .data          0x0000000000000000        0x0 build//main.o
 .bss           0x0000000000000000        0x0 build//main.o
 .text._Z10hexToASCIIPKhhPh
                0x0000000000000000       0x40 build//main.o
 .text._Z10ASCIIToIntPKhh
                0x0000000000000000       0x74 build//main.o
 .text._Z6str_eqPKhS0_h
                0x0000000000000000       0x22 build//main.o
 .text._Z6delayTm
                0x0000000000000000       0x1a build//main.o
 .text._Z6ob_getv
                0x0000000000000000        0x4 build//main.o
 .text._Z6ob_seth
                0x0000000000000000        0x2 build//main.o
 .rodata.SysTick_IRQHandler.str1.4
                0x0000000000000000        0xe build//main.o
 .text.SysTick_IRQHandler
                0x0000000000000000       0x2c build//main.o
 .eh_frame      0x0000000000000000      0x16c build//main.o
 .text          0x0000000000000000        0x0 build//GPIO.o
 .data          0x0000000000000000        0x0 build//GPIO.o
 .bss           0x0000000000000000        0x0 build//GPIO.o
 .eh_frame      0x0000000000000000       0x8c build//GPIO.o
 .text          0x0000000000000000        0x0 build//uart.o
 .data          0x0000000000000000        0x0 build//uart.o
 .bss           0x0000000000000000        0x0 build//uart.o
 .text._ZN4uart4syncEv
                0x0000000000000000       0x1e build//uart.o
 .text._ZN4uart9availableEv
                0x0000000000000000       0x2a build//uart.o
 .text._ZN4uart3getEv
                0x0000000000000000       0x3c build//uart.o
 .eh_frame      0x0000000000000000       0xd4 build//uart.o
 .text          0x0000000000000000        0x0 build//startup_ch32v00x.o
 .data          0x0000000000000000        0x0 build//startup_ch32v00x.o
 .bss           0x0000000000000000        0x0 build//startup_ch32v00x.o
 .text          0x0000000000000000        0x0 /opt/MRS_toolchain/bin/../lib/gcc/riscv-wch-elf/12.2.0/../../../../riscv-wch-elf/lib/rv32ec/ilp32e/libc_nano.a(lib_a-init.o)
 .data          0x0000000000000000        0x0 /opt/MRS_toolchain/bin/../lib/gcc/riscv-wch-elf/12.2.0/../../../../riscv-wch-elf/lib/rv32ec/ilp32e/libc_nano.a(lib_a-init.o)
 .bss           0x0000000000000000        0x0 /opt/MRS_toolchain/bin/../lib/gcc/riscv-wch-elf/12.2.0/../../../../riscv-wch-elf/lib/rv32ec/ilp32e/libc_nano.a(lib_a-init.o)
 .text          0x0000000000000000        0x0 /opt/MRS_toolchain/bin/../lib/gcc/riscv-wch-elf/12.2.0/../../../../riscv-wch-elf/lib/rv32ec/ilp32e/libc_nano.a(lib_a-strlen.o)
 .data          0x0000000000000000        0x0 /opt/MRS_toolchain/bin/../lib/gcc/riscv-wch-elf/12.2.0/../../../../riscv-wch-elf/lib/rv32ec/ilp32e/libc_nano.a(lib_a-strlen.o)
 .bss           0x0000000000000000        0x0 /opt/MRS_toolchain/bin/../lib/gcc/riscv-wch-elf/12.2.0/../../../../riscv-wch-elf/lib/rv32ec/ilp32e/libc_nano.a(lib_a-strlen.o)
 .text          0x0000000000000000       0x18 /opt/MRS_toolchain/bin/../lib/gcc/riscv-wch-elf/12.2.0/rv32ec/ilp32e/libgcc.a(muldi3.o)
 .data          0x0000000000000000        0x0 /opt/MRS_toolchain/bin/../lib/gcc/riscv-wch-elf/12.2.0/rv32ec/ilp32e/libgcc.a(muldi3.o)
 .bss           0x0000000000000000        0x0 /opt/MRS_toolchain/bin/../lib/gcc/riscv-wch-elf/12.2.0/rv32ec/ilp32e/libgcc.a(muldi3.o)
 .riscv.attributes
                0x0000000000000000       0x1f /opt/MRS_toolchain/bin/../lib/gcc/riscv-wch-elf/12.2.0/rv32ec/ilp32e/libgcc.a(muldi3.o)
 .data          0x0000000000000000        0x0 /opt/MRS_toolchain/bin/../lib/gcc/riscv-wch-elf/12.2.0/rv32ec/ilp32e/libgcc.a(div.o)
 .bss           0x0000000000000000        0x0 /opt/MRS_toolchain/bin/../lib/gcc/riscv-wch-elf/12.2.0/rv32ec/ilp32e/libgcc.a(div.o)

Memory Configuration

Name             Origin             Length             Attributes
FLASH            0x0000000000000000 0x0000000000004000 xr
RAM              0x0000000020000000 0x0000000000000800 xrw
*default*        0x0000000000000000 0xffffffffffffffff

Linker script and memory map

LOAD build//core_riscv.o
LOAD build//main.o
LOAD build//GPIO.o
LOAD build//uart.o
LOAD build//startup_ch32v00x.o
LOAD /opt/MRS_toolchain/bin/../lib/gcc/riscv-wch-elf/12.2.0/../../../../riscv-wch-elf/lib/rv32ec/ilp32e/libc_nano.a
LOAD /opt/MRS_toolchain/bin/../lib/gcc/riscv-wch-elf/12.2.0/../../../../riscv-wch-elf/lib/rv32ec/ilp32e/libm_nano.a
LOAD /opt/MRS_toolchain/bin/../lib/gcc/riscv-wch-elf/12.2.0/../../../../riscv-wch-elf/lib/rv32ec/ilp32e/libnosys.a
LOAD /opt/MRS_toolchain/bin/../lib/gcc/riscv-wch-elf/12.2.0/rv32ec/ilp32e/libgcc.a
LOAD /opt/MRS_toolchain/bin/../lib/gcc/riscv-wch-elf/12.2.0/../../../../riscv-wch-elf/lib/rv32ec/ilp32e/libc_nano.a
LOAD /opt/MRS_toolchain/bin/../lib/gcc/riscv-wch-elf/12.2.0/rv32ec/ilp32e/libgcc.a
START GROUP
LOAD /opt/MRS_toolchain/bin/../lib/gcc/riscv-wch-elf/12.2.0/rv32ec/ilp32e/libgcc.a
LOAD /opt/MRS_toolchain/bin/../lib/gcc/riscv-wch-elf/12.2.0/../../../../riscv-wch-elf/lib/rv32ec/ilp32e/libc_nano.a
LOAD /opt/MRS_toolchain/bin/../lib/gcc/riscv-wch-elf/12.2.0/../../../../riscv-wch-elf/lib/rv32ec/ilp32e/libgloss_nano.a
END GROUP
                0x0000000000000100                __stack_size = 0x100
                [!provide]                        PROVIDE (_stack_size = __stack_size)

.init           0x0000000000000000       0xa0
                0x0000000000000000                _sinit = .
                0x0000000000000000                . = ALIGN (0x4)
 *(SORT_NONE(.init))
 .init          0x0000000000000000       0x9e build//startup_ch32v00x.o
                0x0000000000000000                _start
                0x00000000000000a0                . = ALIGN (0x4)
 *fill*         0x000000000000009e        0x2 
                0x00000000000000a0                _einit = .

.text           0x00000000000000a0      0xa48
                0x00000000000000a0                . = ALIGN (0x4)
 *(.text)
 .text          0x00000000000000a0       0x7e /opt/MRS_toolchain/bin/../lib/gcc/riscv-wch-elf/12.2.0/rv32ec/ilp32e/libgcc.a(div.o)
                0x00000000000000a0                __divsi3
                0x00000000000000a8                __hidden___udivsi3
                0x00000000000000a8                __udivsi3
                0x00000000000000d4                __umodsi3
                0x00000000000000f8                __modsi3
 *(.text.*)
 .text._Z10intToASCIIiPhh
                0x000000000000011e       0x98 build//main.o
                0x000000000000011e                intToASCII(int, unsigned char*, unsigned char)
 .text.SystemInit
                0x00000000000001b6      0x152 build//main.o
                0x00000000000001b6                SystemInit
 .text.startup.main
                0x0000000000000308      0x208 build//main.o
                0x0000000000000308                main
 .text.USART1_IRQHandler
                0x0000000000000510        0xe build//main.o
                0x0000000000000510                USART1_IRQHandler
 .text.EXTI7_0_IRQHandler
                0x000000000000051e       0xbe build//main.o
                0x000000000000051e                EXTI7_0_IRQHandler
 .text.HardFault_Handler
                0x00000000000005dc        0x4 build//main.o
                0x00000000000005dc                HardFault_Handler
 .text.startup._GLOBAL__sub_I__Z10hexToASCIIPKhhPh
                0x00000000000005e0       0x24 build//main.o
 .text._Z6led_onv
                0x0000000000000604        0xa build//GPIO.o
                0x0000000000000604                led_on()
 .text._Z7led_offv
                0x000000000000060e        0xa build//GPIO.o
                0x000000000000060e                led_off()
 .text._Z7pump_onv
                0x0000000000000618        0xa build//GPIO.o
                0x0000000000000618                pump_on()
 .text._Z8pump_offv
                0x0000000000000622        0xa build//GPIO.o
                0x0000000000000622                pump_off()
 .text._Z9btn_statev
                0x000000000000062c       0x10 build//GPIO.o
                0x000000000000062c                btn_state()
 .text._Z8sens_getv
                0x000000000000063c        0x6 build//GPIO.o
                0x000000000000063c                sens_get()
 .text._ZN4uartC2EP13USART_TypeDefii9u_stopbit9u_wordlen
                0x0000000000000642       0x72 build//uart.o
                0x0000000000000642                uart::uart(USART_TypeDef*, int, int, u_stopbit, u_wordlen)
                0x0000000000000642                uart::uart(USART_TypeDef*, int, int, u_stopbit, u_wordlen)
 .text._ZN4uart4sendEPhtPFvvEh
                0x00000000000006b4       0x8e build//uart.o
                0x00000000000006b4                uart::send(unsigned char*, unsigned short, void (*)(), unsigned char)
 .text._ZN4uart5printEPKc
                0x0000000000000742       0x36 build//uart.o
                0x0000000000000742                uart::print(char const*)
 .text._ZN4uart16interruptHandlerEv
                0x0000000000000778      0x1cc build//uart.o
                0x0000000000000778                uart::interruptHandler()
 .text.vector_handler
                0x0000000000000944       0x36 build//startup_ch32v00x.o
                0x0000000000000944                NMI_Handler
                0x0000000000000948                SysTick_Handler
                0x000000000000094a                SW_Handler
                0x000000000000094c                WWDG_IRQHandler
                0x000000000000094e                PVD_IRQHandler
                0x0000000000000950                FLASH_IRQHandler
                0x0000000000000952                RCC_IRQHandler
                0x0000000000000956                AWU_IRQHandler
                0x0000000000000958                DMA1_Channel1_IRQHandler
                0x000000000000095a                DMA1_Channel2_IRQHandler
                0x000000000000095c                DMA1_Channel3_IRQHandler
                0x000000000000095e                DMA1_Channel4_IRQHandler
                0x0000000000000960                DMA1_Channel5_IRQHandler
                0x0000000000000962                DMA1_Channel6_IRQHandler
                0x0000000000000964                DMA1_Channel7_IRQHandler
                0x0000000000000966                ADC1_IRQHandler
                0x0000000000000968                I2C1_EV_IRQHandler
                0x000000000000096a                I2C1_ER_IRQHandler
                0x000000000000096e                SPI1_IRQHandler
                0x0000000000000970                TIM1_BRK_IRQHandler
                0x0000000000000972                TIM1_UP_IRQHandler
                0x0000000000000974                TIM1_TRG_COM_IRQHandler
                0x0000000000000976                TIM1_CC_IRQHandler
                0x0000000000000978                TIM2_IRQHandler
 .text.handle_reset
                0x000000000000097a       0x7e build//startup_ch32v00x.o
                0x000000000000097a                handle_reset
 .text.__libc_init_array
                0x00000000000009f8       0x72 /opt/MRS_toolchain/bin/../lib/gcc/riscv-wch-elf/12.2.0/../../../../riscv-wch-elf/lib/rv32ec/ilp32e/libc_nano.a(lib_a-init.o)
                0x00000000000009f8                __libc_init_array
 .text.strlen   0x0000000000000a6a       0x12 /opt/MRS_toolchain/bin/../lib/gcc/riscv-wch-elf/12.2.0/../../../../riscv-wch-elf/lib/rv32ec/ilp32e/libc_nano.a(lib_a-strlen.o)
                0x0000000000000a6a                strlen
 *(.rodata)
 *(.rodata*)
 *fill*         0x0000000000000a7c        0x0 
 .rodata.main.str1.4
                0x0000000000000a7c       0x3e build//main.o
 *fill*         0x0000000000000aba        0x2 
 .rodata.EXTI7_0_IRQHandler.str1.4
                0x0000000000000abc       0x29 build//main.o
 *(.gnu.linkonce.t.*)
                0x0000000000000ae8                . = ALIGN (0x4)
 *fill*         0x0000000000000ae5        0x3 

.rela.dyn       0x0000000000000ae8        0x0
 .rela.init     0x0000000000000ae8        0x0 build//main.o
 .rela.text.handle_reset
                0x0000000000000ae8        0x0 build//main.o
 .rela.text.__libc_init_array
                0x0000000000000ae8        0x0 build//main.o

.fini           0x0000000000000ae8        0x0
 *(SORT_NONE(.fini))
                0x0000000000000ae8                . = ALIGN (0x4)
                [!provide]                        PROVIDE (_etext = .)
                [!provide]                        PROVIDE (_eitcm = .)

.preinit_array  0x0000000000000ae8        0x0
                0x0000000000000ae8                PROVIDE (__preinit_array_start = .)
 *(.preinit_array)
                0x0000000000000ae8                PROVIDE (__preinit_array_end = .)

.init_array     0x0000000000000ae8        0x4
                0x0000000000000ae8                PROVIDE (__init_array_start = .)
 *(SORT_BY_INIT_PRIORITY(.init_array.*) SORT_BY_INIT_PRIORITY(.ctors.*))
 *(.init_array EXCLUDE_FILE(*crtend?.o *crtend.o *crtbegin?.o *crtbegin.o) .ctors)
 .init_array    0x0000000000000ae8        0x4 build//main.o
                0x0000000000000aec                PROVIDE (__init_array_end = .)

.fini_array     0x0000000000000aec        0x0
                [!provide]                        PROVIDE (__fini_array_start = .)
 *(SORT_BY_INIT_PRIORITY(.fini_array.*) SORT_BY_INIT_PRIORITY(.dtors.*))
 *(.fini_array EXCLUDE_FILE(*crtend?.o *crtend.o *crtbegin?.o *crtbegin.o) .dtors)
                [!provide]                        PROVIDE (__fini_array_end = .)

.ctors
 *crtbegin.o(.ctors)
 *crtbegin?.o(.ctors)
 *(EXCLUDE_FILE(*crtend?.o *crtend.o) .ctors)
 *(SORT_BY_NAME(.ctors.*))
 *(.ctors)

.dtors
 *crtbegin.o(.dtors)
 *crtbegin?.o(.dtors)
 *(EXCLUDE_FILE(*crtend?.o *crtend.o) .dtors)
 *(SORT_BY_NAME(.dtors.*))
 *(.dtors)

.dalign         0x0000000020000000        0x0 load address 0x0000000000000aec
                0x0000000020000000                . = ALIGN (0x4)
                0x0000000020000000                PROVIDE (_data_vma = .)

.dlalign        0x0000000000000aec        0x0
                0x0000000000000aec                . = ALIGN (0x4)
                0x0000000000000aec                PROVIDE (_data_lma = .)

.data           0x0000000020000000       0x60 load address 0x0000000000000aec
                0x0000000020000000                . = ALIGN (0x4)
 *(.gnu.linkonce.r.*)
 *(.data .data.*)
 .data.msg_lhold
                0x0000000020000000       0x13 build//main.o
                0x0000000020000000                msg_lhold
 *fill*         0x0000000020000013        0x1 
 .data.msg_hold
                0x0000000020000014       0x16 build//main.o
                0x0000000020000014                msg_hold
 *fill*         0x000000002000002a        0x2 
 .data.msg_click_wet
                0x000000002000002c       0x14 build//main.o
                0x000000002000002c                msg_click_wet
 .data.msg_click_dry
                0x0000000020000040       0x14 build//main.o
                0x0000000020000040                msg_click_dry
 *(.gnu.linkonce.d.*)
                0x0000000020000058                . = ALIGN (0x8)
 *fill*         0x0000000020000054        0x4 
                0x0000000020000858                PROVIDE (__global_pointer$ = (. + 0x800))
 *(.sdata .sdata.*)
 .sdata.sens_val_border
                0x0000000020000058        0x1 build//main.o
                0x0000000020000058                sens_val_border
 *fill*         0x0000000020000059        0x3 
 .sdata.awtr_state
                0x000000002000005c        0x4 build//main.o
                0x000000002000005c                awtr_state
 *(.sdata2*)
 *(.gnu.linkonce.s.*)
                0x0000000020000060                . = ALIGN (0x8)
 *(.srodata.cst16)
 *(.srodata.cst8)
 *(.srodata.cst4)
 *(.srodata.cst2)
 *(.srodata .srodata.*)
                0x0000000020000060                . = ALIGN (0x4)
                0x0000000020000060                PROVIDE (_edata = .)

.bss            0x0000000020000060       0xe8 load address 0x0000000000000b4c
                0x0000000020000060                . = ALIGN (0x4)
                0x0000000020000060                PROVIDE (_sbss = .)
 *(.sbss*)
 .sbss._ZZ18EXTI7_0_IRQHandlerE14btn_state_last
                0x0000000020000060        0x1 build//main.o
 *fill*         0x0000000020000061        0x3 
 .sbss._ZZ18EXTI7_0_IRQHandlerE4wait
                0x0000000020000064        0x4 build//main.o
 .sbss.sens_val
                0x0000000020000068        0x1 build//main.o
                0x0000000020000068                sens_val
 *(.gnu.linkonce.sb.*)
 *(.bss*)
 *fill*         0x0000000020000069        0x3 
 .bss.uart1     0x000000002000006c       0xdc build//main.o
                0x000000002000006c                uart1
 *(.gnu.linkonce.b.*)
 *(COMMON*)
                0x0000000020000148                . = ALIGN (0x4)
                0x0000000020000148                PROVIDE (_ebss = .)
                [!provide]                        PROVIDE (_end = _ebss)
                [!provide]                        PROVIDE (end = .)

.stack          0x0000000020000700      0x100
                [!provide]                        PROVIDE (_heap_end = .)
                0x0000000020000700                . = ALIGN (0x4)
                [!provide]                        PROVIDE (_susrstack = .)
                0x0000000020000800                . = (. + __stack_size)
 *fill*         0x0000000020000700      0x100 
                0x0000000020000800                PROVIDE (_eusrstack = .)
OUTPUT(build//AutoWatering.elf elf32-littleriscv)

.debug_info     0x0000000000000000     0x1ad1
 .debug_info    0x0000000000000000     0x12e3 build//main.o
 .debug_info    0x00000000000012e3      0x1d8 build//GPIO.o
 .debug_info    0x00000000000014bb      0x5f3 build//uart.o
 .debug_info    0x0000000000001aae       0x23 build//startup_ch32v00x.o

.debug_abbrev   0x0000000000000000      0x84d
 .debug_abbrev  0x0000000000000000      0x4ba build//main.o
 .debug_abbrev  0x00000000000004ba       0xcc build//GPIO.o
 .debug_abbrev  0x0000000000000586      0x2b5 build//uart.o
 .debug_abbrev  0x000000000000083b       0x12 build//startup_ch32v00x.o

.debug_loclists
                0x0000000000000000      0x94e
 .debug_loclists
                0x0000000000000000      0x604 build//main.o
 .debug_loclists
                0x0000000000000604      0x34a build//uart.o

.debug_aranges  0x0000000000000000      0x150
 .debug_aranges
                0x0000000000000000       0x88 build//main.o
 .debug_aranges
                0x0000000000000088       0x48 build//GPIO.o
 .debug_aranges
                0x00000000000000d0       0x50 build//uart.o
 .debug_aranges
                0x0000000000000120       0x30 build//startup_ch32v00x.o

.debug_rnglists
                0x0000000000000000      0x199
 .debug_rnglists
                0x0000000000000000       0xcd build//main.o
 .debug_rnglists
                0x00000000000000cd       0x43 build//GPIO.o
 .debug_rnglists
                0x0000000000000110       0x68 build//uart.o
 .debug_rnglists
                0x0000000000000178       0x21 build//startup_ch32v00x.o

.debug_line     0x0000000000000000     0x1e7c
 .debug_line    0x0000000000000000     0x1196 build//main.o
 .debug_line    0x0000000000001196      0x158 build//GPIO.o
 .debug_line    0x00000000000012ee      0x9de build//uart.o
 .debug_line    0x0000000000001ccc      0x1b0 build//startup_ch32v00x.o

.debug_str      0x0000000000000000      0xa05
 .debug_str     0x0000000000000000      0x962 build//main.o
                                        0xa6e (size before relaxing)
 .debug_str     0x0000000000000962       0x11 build//GPIO.o
                                        0x214 (size before relaxing)
 .debug_str     0x0000000000000973       0x48 build//uart.o
                                        0x3d5 (size before relaxing)
 .debug_str     0x00000000000009bb       0x4a build//startup_ch32v00x.o

.debug_line_str
                0x0000000000000000      0x122
 .debug_line_str
                0x0000000000000000       0xf0 build//main.o
                                        0x124 (size before relaxing)
 .debug_line_str
                0x00000000000000f0        0xd build//GPIO.o
                                         0xfb (size before relaxing)
 .debug_line_str
                0x00000000000000fd       0x12 build//uart.o
                                        0x105 (size before relaxing)
 .debug_line_str
                0x000000000000010f       0x13 build//startup_ch32v00x.o
                                         0x51 (size before relaxing)

.comment        0x0000000000000000       0x33
 .comment       0x0000000000000000       0x33 build//main.o
                                         0x34 (size before relaxing)
 .comment       0x0000000000000033       0x34 build//GPIO.o
 .comment       0x0000000000000033       0x34 build//uart.o
 .comment       0x0000000000000033       0x34 /opt/MRS_toolchain/bin/../lib/gcc/riscv-wch-elf/12.2.0/../../../../riscv-wch-elf/lib/rv32ec/ilp32e/libc_nano.a(lib_a-init.o)
 .comment       0x0000000000000033       0x34 /opt/MRS_toolchain/bin/../lib/gcc/riscv-wch-elf/12.2.0/../../../../riscv-wch-elf/lib/rv32ec/ilp32e/libc_nano.a(lib_a-strlen.o)

.riscv.attributes
                0x0000000000000000       0x21
 .riscv.attributes
                0x0000000000000000       0x21 build//main.o
 .riscv.attributes
                0x0000000000000021       0x21 build//GPIO.o
 .riscv.attributes
                0x0000000000000042       0x21 build//uart.o
 .riscv.attributes
                0x0000000000000063       0x1f build//startup_ch32v00x.o
 .riscv.attributes
                0x0000000000000082       0x21 /opt/MRS_toolchain/bin/../lib/gcc/riscv-wch-elf/12.2.0/../../../../riscv-wch-elf/lib/rv32ec/ilp32e/libc_nano.a(lib_a-init.o)
 .riscv.attributes
                0x00000000000000a3       0x21 /opt/MRS_toolchain/bin/../lib/gcc/riscv-wch-elf/12.2.0/../../../../riscv-wch-elf/lib/rv32ec/ilp32e/libc_nano.a(lib_a-strlen.o)
 .riscv.attributes
                0x00000000000000c4       0x1f /opt/MRS_toolchain/bin/../lib/gcc/riscv-wch-elf/12.2.0/rv32ec/ilp32e/libgcc.a(div.o)
